
  .   ____          _            __ _ _
 /\\ / ___'_ __ _ _(_)_ __  __ _ \ \ \ \
( ( )\___ | '_ | '_| | '_ \/ _` | \ \ \ \
 \\/  ___)| |_)| | | | | || (_| |  ) ) ) )
  '  |____| .__|_| |_|_| |_\__, | / / / /
 =========|_|==============|___/=/_/_/_/

 :: Spring Boot ::                (v4.1.0)

2026-08-20T16:18:27.132-05:00  INFO 33048 --- [sastra] [           main] co.sastra.SastraApplication              : Starting SastraApplication v0.1.0-SNAPSHOT using Java 25.0.4 with PID 33048 (C:\Users\USUARIO\Escritorio\Sastra\sastra\backend\bootstrap\build\libs\bootstrap-0.1.0-SNAPSHOT.jar started by USUARIO in C:\Users\USUARIO\Escritorio\Sastra\sastra\frontend)
2026-08-20T16:18:27.137-05:00 DEBUG 33048 --- [sastra] [           main] co.sastra.SastraApplication              : Running with Spring Boot v4.1.0, Spring v7.0.8
2026-08-20T16:18:27.138-05:00  INFO 33048 --- [sastra] [           main] co.sastra.SastraApplication              : The following 1 profile is active: "local"
2026-08-20T16:18:28.991-05:00  INFO 33048 --- [sastra] [           main] .s.d.r.c.RepositoryConfigurationDelegate : Bootstrapping Spring Data JDBC repositories in DEFAULT mode.
2026-08-20T16:18:29.023-05:00  INFO 33048 --- [sastra] [           main] .s.d.r.c.RepositoryConfigurationDelegate : Finished Spring Data repository scanning in 22 ms. Found 0 JDBC repository interfaces.
2026-08-20T16:18:30.217-05:00  INFO 33048 --- [sastra] [           main] o.s.boot.tomcat.TomcatWebServer          : Tomcat initialized with port 8081 (http)
2026-08-20T16:18:30.243-05:00  INFO 33048 --- [sastra] [           main] o.apache.catalina.core.StandardService   : Starting service [Tomcat]
2026-08-20T16:18:30.244-05:00  INFO 33048 --- [sastra] [           main] o.apache.catalina.core.StandardEngine    : Starting Servlet engine: [Apache Tomcat/11.0.22]
2026-08-20T16:18:30.299-05:00  INFO 33048 --- [sastra] [           main] b.w.c.s.WebApplicationContextInitializer : Root WebApplicationContext: initialization completed in 3051 ms
2026-08-20T16:18:31.125-05:00  INFO 33048 --- [sastra] [           main] com.zaxxer.hikari.HikariDataSource       : HikariPool-1 - Starting...
2026-08-20T16:18:31.379-05:00  INFO 33048 --- [sastra] [           main] com.zaxxer.hikari.pool.HikariPool        : HikariPool-1 - Added connection org.postgresql.jdbc.PgConnection@8af1c49
2026-08-20T16:18:31.381-05:00  INFO 33048 --- [sastra] [           main] com.zaxxer.hikari.HikariDataSource       : HikariPool-1 - Start completed.
2026-08-20T16:18:31.409-05:00  INFO 33048 --- [sastra] [           main] org.flywaydb.core.FlywayExecutor         : Database: jdbc:postgresql://127.0.0.1:5432/sastra (PostgreSQL 17.11)
2026-08-20T16:18:31.530-05:00  INFO 33048 --- [sastra] [           main] o.f.core.internal.command.DbValidate     : Successfully validated 5 migrations (execution time 00:00.043s)
2026-08-20T16:18:31.567-05:00  INFO 33048 --- [sastra] [           main] o.f.core.internal.command.DbMigrate      : Current version of schema "public": 5
2026-08-20T16:18:31.573-05:00  INFO 33048 --- [sastra] [           main] o.f.core.internal.command.DbMigrate      : Schema "public" is up to date. No migration necessary.
2026-08-20T16:18:33.918-05:00  INFO 33048 --- [sastra] [           main] o.s.b.a.e.web.EndpointLinksResolver      : Exposing 3 endpoints beneath base path '/actuator'
2026-08-20T16:18:34.023-05:00  INFO 33048 --- [sastra] [           main] o.s.boot.tomcat.TomcatWebServer          : Tomcat started on port 8081 (http) with context path '/'
2026-08-20T16:18:34.038-05:00  INFO 33048 --- [sastra] [           main] co.sastra.SastraApplication              : Started SastraApplication in 7.778 seconds (process running for 8.621)
2026-08-20T16:18:34.142-05:00  WARN 33048 --- [sastra] [           main] o.s.core.events.SpringDocAppInitializer  : SpringDoc /v3/api-docs endpoint is enabled by default. To disable it in production, set the property 'springdoc.api-docs.enabled=false'
2026-08-20T16:18:34.142-05:00  WARN 33048 --- [sastra] [           main] o.s.core.events.SpringDocAppInitializer  : SpringDoc /swagger-ui.html endpoint is enabled by default. To disable it in production, set the property 'springdoc.swagger-ui.enabled=false'
2026-08-20T16:18:34.893-05:00  INFO 33048 --- [sastra] [nio-8081-exec-1] o.a.c.c.C.[Tomcat].[localhost].[/]       : Initializing Spring DispatcherServlet 'dispatcherServlet'
2026-08-20T16:18:34.894-05:00  INFO 33048 --- [sastra] [nio-8081-exec-1] o.s.web.servlet.DispatcherServlet        : Initializing Servlet 'dispatcherServlet'
2026-08-20T16:18:34.896-05:00  INFO 33048 --- [sastra] [nio-8081-exec-1] o.s.web.servlet.DispatcherServlet        : Completed initialization in 2 ms
2026-08-20T16:18:57.010-05:00  INFO 33048 --- [sastra] [nio-8081-exec-3] c.s.shared.rest.ApiExceptionHandler      : Regla de negocio incumplida [AUTH_SESSION_INVALID] traceId=5990031aa8874872b6fe15fccf27eadd: El token de refresco no es utilizable
2026-08-20T16:18:57.356-05:00  WARN 33048 --- [sastra] [nio-8081-exec-7] c.s.i.usecase.RegisterUserUseCase        : No se pudo comprobar si la contrasena esta filtrada; se acepta el registro (ADR-0013)
2026-08-20T16:18:57.465-05:00  INFO 33048 --- [sastra] [o-transaccional] c.s.identity.client.ConsoleMailSender    : 
================ CORREO DE VERIFICACION (adaptador de consola) ================
Para:   ciclo-1787260736535-323@example.test
Enlace: http://localhost:4174/verificar-correo?token=AiXtyR9Ir2EqU9dShnbxUt6kOoDL_SHoDfyOlEFGwJk
===============================================================================

2026-08-20T16:18:57.724-05:00  INFO 33048 --- [sastra] [nio-8081-exec-4] c.s.shared.rest.ApiExceptionHandler      : Regla de negocio incumplida [AUTH_SESSION_INVALID] traceId=db300039e3c94b5282967af19fca5ce9: El token de refresco no es utilizable
2026-08-20T16:18:58.542-05:00  INFO 33048 --- [sastra] [nio-8081-exec-5] c.s.shared.rest.ApiExceptionHandler      : Regla de negocio incumplida [AUTH_SESSION_INVALID] traceId=e1d67d5500d741ad8b0e643d2f75e721: El token de refresco no es utilizable
2026-08-20T16:18:58.776-05:00  WARN 33048 --- [sastra] [nio-8081-exec-9] c.s.i.usecase.RegisterUserUseCase        : No se pudo comprobar si la contrasena esta filtrada; se acepta el registro (ADR-0013)
2026-08-20T16:18:58.843-05:00  INFO 33048 --- [sastra] [o-transaccional] c.s.identity.client.ConsoleMailSender    : 
================ CORREO DE VERIFICACION (adaptador de consola) ================
Para:   unavez-1787260738161-754@example.test
Enlace: http://localhost:4174/verificar-correo?token=0gPIPCuKqd9Pbsg22IYjIWO7MsSruPjOVu-CxkXntNE
===============================================================================

2026-08-20T16:18:59.043-05:00  INFO 33048 --- [sastra] [nio-8081-exec-8] c.s.shared.rest.ApiExceptionHandler      : Regla de negocio incumplida [AUTH_SESSION_INVALID] traceId=a821bcf1e51942eb9133d7a899b08801: El token de refresco no es utilizable
2026-08-20T16:18:59.269-05:00  INFO 33048 --- [sastra] [nio-8081-exec-5] c.s.shared.rest.ApiExceptionHandler      : Regla de negocio incumplida [AUTH_SESSION_INVALID] traceId=b701d9e15ca747b09c14cb6a6c8e2299: El token de refresco no es utilizable
2026-08-20T16:18:59.283-05:00  INFO 33048 --- [sastra] [io-8081-exec-10] c.s.shared.rest.ApiExceptionHandler      : Regla de negocio incumplida [AUTH_VERIFICATION_TOKEN_INVALID] traceId=6b9d003f19734fceb2cfa154f76b3bc6: El token no existe o ya fue usado
2026-08-20T16:18:59.740-05:00  INFO 33048 --- [sastra] [nio-8081-exec-7] c.s.shared.rest.ApiExceptionHandler      : Regla de negocio incumplida [AUTH_SESSION_INVALID] traceId=d2fa1d333a1245059d5b60349858818e: El token de refresco no es utilizable
2026-08-20T16:18:59.994-05:00  WARN 33048 --- [sastra] [nio-8081-exec-6] c.s.i.usecase.RegisterUserUseCase        : No se pudo comprobar si la contrasena esta filtrada; se acepta el registro (ADR-0013)
2026-08-20T16:19:00.065-05:00  INFO 33048 --- [sastra] [o-transaccional] c.s.identity.client.ConsoleMailSender    : 
================ CORREO DE VERIFICACION (adaptador de consola) ================
Para:   sesion-1787260739394-22@example.test
Enlace: http://localhost:4174/verificar-correo?token=ud3mHI-E8sEm73SHucauXWE-VhHNoSbzb_QrE--5jHg
===============================================================================

2026-08-20T16:19:00.342-05:00  INFO 33048 --- [sastra] [nio-8081-exec-5] c.s.shared.rest.ApiExceptionHandler      : Regla de negocio incumplida [AUTH_SESSION_INVALID] traceId=c49d460da27e43da8fa39da7a4a98ff3: El token de refresco no es utilizable
2026-08-20T16:19:00.702-05:00  INFO 33048 --- [sastra] [nio-8081-exec-6] c.s.shared.rest.ApiExceptionHandler      : Regla de negocio incumplida [AUTH_SESSION_INVALID] traceId=4bd0a2edb4c84230b082523d2fd6486b: El token de refresco no es utilizable
2026-08-20T16:19:01.365-05:00  INFO 33048 --- [sastra] [nio-8081-exec-4] c.s.shared.rest.ApiExceptionHandler      : Regla de negocio incumplida [AUTH_SESSION_INVALID] traceId=c3ca5b3ee9e5405da28186bc80667a98: El token de refresco no es utilizable
2026-08-20T16:19:01.624-05:00  WARN 33048 --- [sastra] [nio-8081-exec-5] c.s.i.usecase.RegisterUserUseCase        : No se pudo comprobar si la contrasena esta filtrada; se acepta el registro (ADR-0013)
2026-08-20T16:19:01.689-05:00  INFO 33048 --- [sastra] [o-transaccional] c.s.identity.client.ConsoleMailSender    : 
================ CORREO DE VERIFICACION (adaptador de consola) ================
Para:   recarga-1787260741040-314@example.test
Enlace: http://localhost:4174/verificar-correo?token=Jc_nXfIry6evsv5pxMNXCfA3Z2VsuSQj1W7IvJX6aXk
===============================================================================

2026-08-20T16:19:01.895-05:00  INFO 33048 --- [sastra] [io-8081-exec-10] c.s.shared.rest.ApiExceptionHandler      : Regla de negocio incumplida [AUTH_SESSION_INVALID] traceId=94ed676e1c5544bfad9321fa4e4ee5e0: El token de refresco no es utilizable
2026-08-20T16:19:02.719-05:00  INFO 33048 --- [sastra] [nio-8081-exec-4] c.s.shared.rest.ApiExceptionHandler      : Regla de negocio incumplida [AUTH_SESSION_INVALID] traceId=ba17626637c74ccfbf67ba2ad170bc63: El token de refresco no es utilizable
2026-08-20T16:19:02.962-05:00  WARN 33048 --- [sastra] [nio-8081-exec-5] c.s.i.usecase.RegisterUserUseCase        : No se pudo comprobar si la contrasena esta filtrada; se acepta el registro (ADR-0013)
2026-08-20T16:19:03.022-05:00  INFO 33048 --- [sastra] [o-transaccional] c.s.identity.client.ConsoleMailSender    : 
================ CORREO DE VERIFICACION (adaptador de consola) ================
Para:   recuperar-1787260742412-505@example.test
Enlace: http://localhost:4174/verificar-correo?token=7k9Tl6n_qe1Fmekb03Pe5zec9yYVAWPFJ3gnbRRjANQ
===============================================================================

2026-08-20T16:19:03.209-05:00  INFO 33048 --- [sastra] [io-8081-exec-10] c.s.shared.rest.ApiExceptionHandler      : Regla de negocio incumplida [AUTH_SESSION_INVALID] traceId=bd0c3ea54a2c4206ae1a2cceca653f6b: El token de refresco no es utilizable
2026-08-20T16:19:03.464-05:00  INFO 33048 --- [sastra] [nio-8081-exec-5] c.s.shared.rest.ApiExceptionHandler      : Regla de negocio incumplida [AUTH_SESSION_INVALID] traceId=8b96cd30422d42d1aeced8e333bedc6f: El token de refresco no es utilizable
2026-08-20T16:19:03.566-05:00  INFO 33048 --- [sastra] [o-transaccional] c.s.identity.client.ConsoleMailSender    : 
================ RESTABLECIMIENTO DE CONTRASENA (consola) =====================
Para:   recuperar-1787260742412-505@example.test
Enlace: http://localhost:4174/restablecer-contrasena?token=sPUVnyIH8500LJQrjEb6JdKsMS6rq4qoLxxHY7Bj-yw
Vence en 30 minutos y sirve una sola vez.
===============================================================================

2026-08-20T16:19:03.758-05:00  INFO 33048 --- [sastra] [nio-8081-exec-2] c.s.shared.rest.ApiExceptionHandler      : Regla de negocio incumplida [AUTH_SESSION_INVALID] traceId=11e02f1f99454f01863aca4b6a7c2376: El token de refresco no es utilizable
2026-08-20T16:19:03.868-05:00  WARN 33048 --- [sastra] [nio-8081-exec-1] c.s.i.usecase.ResetPasswordUseCase       : No se pudo comprobar si la contrasena esta filtrada; se acepta el cambio (ADR-0013)
2026-08-20T16:19:03.934-05:00  INFO 33048 --- [sastra] [o-transaccional] c.s.identity.client.ConsoleMailSender    : 
================ AVISO DE CONTRASENA CAMBIADA (criterio 20) ===================
Para: recuperar-1787260742412-505@example.test
Se cambio la contrasena y se cerraron todas las sesiones.
===============================================================================

2026-08-20T16:19:04.130-05:00  INFO 33048 --- [sastra] [nio-8081-exec-3] c.s.shared.rest.ApiExceptionHandler      : Regla de negocio incumplida [AUTH_SESSION_INVALID] traceId=04de88de54f640568cb0257a652749af: El token de refresco no es utilizable
2026-08-20T16:19:04.572-05:00  INFO 33048 --- [sastra] [nio-8081-exec-8] c.s.shared.rest.ApiExceptionHandler      : Regla de negocio incumplida [AUTH_SESSION_INVALID] traceId=f007df88152a4bc59a6db483d8627c90: El token de refresco no es utilizable
2026-08-20T16:19:04.742-05:00  INFO 33048 --- [sastra] [nio-8081-exec-2] c.s.shared.rest.ApiExceptionHandler      : Regla de negocio incumplida [AUTH_INVALID_CREDENTIALS] traceId=207b08d9dcdb462381058bcff844baa1: Las credenciales no son validas
2026-08-20T16:19:05.114-05:00  INFO 33048 --- [sastra] [nio-8081-exec-7] c.s.shared.rest.ApiExceptionHandler      : Regla de negocio incumplida [AUTH_SESSION_INVALID] traceId=a683374ab14e4e2f8d7684a9680ab86b: El token de refresco no es utilizable
2026-08-20T16:19:05.415-05:00  WARN 33048 --- [sastra] [nio-8081-exec-6] c.s.i.usecase.RegisterUserUseCase        : No se pudo comprobar si la contrasena esta filtrada; se acepta el registro (ADR-0013)
2026-08-20T16:19:05.487-05:00  INFO 33048 --- [sastra] [o-transaccional] c.s.identity.client.ConsoleMailSender    : 
================ CORREO DE VERIFICACION (adaptador de consola) ================
Para:   descarga-1787260744790-389@example.test
Enlace: http://localhost:4174/verificar-correo?token=xm1O0TyE8BHVuP0-rozvABmfzew77Sha7fW_KFoVcwY
===============================================================================

2026-08-20T16:19:05.716-05:00  INFO 33048 --- [sastra] [nio-8081-exec-5] c.s.shared.rest.ApiExceptionHandler      : Regla de negocio incumplida [AUTH_SESSION_INVALID] traceId=d8d0c131b40648d3a87d15134c9f227c: El token de refresco no es utilizable
2026-08-20T16:19:06.788-05:00  INFO 33048 --- [sastra] [nio-8081-exec-4] c.s.shared.rest.ApiExceptionHandler      : Regla de negocio incumplida [AUTH_SESSION_INVALID] traceId=d0784f4219624b0a896dac09a0fba8c5: El token de refresco no es utilizable
2026-08-20T16:19:07.058-05:00  WARN 33048 --- [sastra] [nio-8081-exec-5] c.s.i.usecase.RegisterUserUseCase        : No se pudo comprobar si la contrasena esta filtrada; se acepta el registro (ADR-0013)
2026-08-20T16:19:07.122-05:00  INFO 33048 --- [sastra] [o-transaccional] c.s.identity.client.ConsoleMailSender    : 
================ CORREO DE VERIFICACION (adaptador de consola) ================
Para:   cierre-1787260746474-250@example.test
Enlace: http://localhost:4174/verificar-correo?token=4AH-5b5L1WCypu0M1MIUqSRR_iScDJtTZraQSxHS_7w
===============================================================================

2026-08-20T16:19:07.340-05:00  INFO 33048 --- [sastra] [io-8081-exec-10] c.s.shared.rest.ApiExceptionHandler      : Regla de negocio incumplida [AUTH_SESSION_INVALID] traceId=2c2d6857fd78464691c3f00268e17371: El token de refresco no es utilizable
2026-08-20T16:19:07.733-05:00  INFO 33048 --- [sastra] [o-transaccional] c.s.identity.client.ConsoleMailSender    : 
================ AVISO DE CUENTA CERRADA (criterio 23) ========================
Para: cierre-1787260746474-250@example.test
La cuenta se cerro y sus datos quedaron anonimizados.
===============================================================================

2026-08-20T16:19:07.945-05:00  INFO 33048 --- [sastra] [nio-8081-exec-9] c.s.shared.rest.ApiExceptionHandler      : Regla de negocio incumplida [AUTH_SESSION_INVALID] traceId=71c3fc5504cb4b27bc1ae62d5bb6016a: El token de refresco no es utilizable
2026-08-20T16:19:08.102-05:00  INFO 33048 --- [sastra] [nio-8081-exec-3] c.s.shared.rest.ApiExceptionHandler      : Regla de negocio incumplida [AUTH_INVALID_CREDENTIALS] traceId=370bc1fbf94a48b7a80950983ceca0e3: Las credenciales no son validas
2026-08-20T16:19:08.603-05:00  INFO 33048 --- [sastra] [nio-8081-exec-5] c.s.shared.rest.ApiExceptionHandler      : Regla de negocio incumplida [AUTH_SESSION_INVALID] traceId=b4f49949f71446d5b27d0a453658d813: El token de refresco no es utilizable
2026-08-20T16:19:08.882-05:00  WARN 33048 --- [sastra] [nio-8081-exec-8] c.s.i.usecase.RegisterUserUseCase        : No se pudo comprobar si la contrasena esta filtrada; se acepta el registro (ADR-0013)
2026-08-20T16:19:08.941-05:00  INFO 33048 --- [sastra] [o-transaccional] c.s.identity.client.ConsoleMailSender    : 
================ CORREO DE VERIFICACION (adaptador de consola) ================
Para:   repetido-1787260748227-174@example.test
Enlace: http://localhost:4174/verificar-correo?token=ueORrjgNY_DLxxu_EZP9VJoLSvyXJsHv1eizxVN38gM
===============================================================================

2026-08-20T16:19:09.155-05:00  INFO 33048 --- [sastra] [nio-8081-exec-9] c.s.shared.rest.ApiExceptionHandler      : Regla de negocio incumplida [AUTH_SESSION_INVALID] traceId=f1aed602b819487ab3b152ada5bc16f2: El token de refresco no es utilizable
2026-08-20T16:19:09.387-05:00  WARN 33048 --- [sastra] [nio-8081-exec-2] c.s.i.usecase.RegisterUserUseCase        : No se pudo comprobar si la contrasena esta filtrada; se acepta el registro (ADR-0013)
2026-08-20T16:19:09.448-05:00  INFO 33048 --- [sastra] [o-transaccional] c.s.identity.client.ConsoleMailSender    : 
================ AVISO DE REGISTRO CON CORREO EXISTENTE =======================
Para: repetido-1787260748227-174@example.test
Alguien intento registrarse con este correo. No se creo ninguna cuenta nueva.
===============================================================================

